<html>
<body>
<pre>
<h1>µVision Build Log</h1>
<h2>Tool Versions:</h2>
IDE-Version: ¶ÃVision V5.18.0.0
Copyright (C) 2016 ARM Ltd and ARM Germany GmbH. All rights reserved.
License Information:    hgj mengqiDan, yth, LIC=LSNXV-PMU1I-VECHA-1XIHC-LR273-U2XMS
 
Tool Versions:
Toolchain:       MDK-ARM Standard  Version: 5.18
Toolchain Path:  D:\mdk5\ARM\ARMCC\Bin
C Compiler:      Armcc.exe V5.06 update 1 (build 61)
Assembler:       Armasm.exe V5.06 update 1 (build 61)
Linker/Locator:  ArmLink.exe V5.06 update 1 (build 61)
Library Manager: ArmAr.exe V5.06 update 1 (build 61)
Hex Converter:   FromElf.exe V5.06 update 1 (build 61)
CPU DLL:         SARMCM3.DLL V5.18
Dialog DLL:      DCM.DLL V1.13.6.0
Target DLL:      CMSIS_AGDI.dll V1.25.7.0
Dialog DLL:      TCM.DLL V1.14.8.0
 
<h2>Project:</h2>
C:\Users\mengqiDan\Desktop\2.11≤‚ ‘ - 800x600\USER\STemWin.uvprojx
Project File Date:  02/27/2022

<h2>Output:</h2>
*** Using Compiler 'V5.06 update 1 (build 61)', folder: 'D:\mdk5\ARM\ARMCC\Bin'
Build target 'STemWin RGBLCD'
compiling rs422.c...
..\HARDWARE\RS422\rs422.h(7): warning:  #1295-D: Deprecated declaration send_data - give arg types
  void send_data();
..\HARDWARE\RS422\rs422.h(15): warning:  #1295-D: Deprecated declaration uart1_send - give arg types
  void uart1_send();
..\HARDWARE\RS422\rs422.c(174): warning:  #177-D: variable "sum" was declared but never referenced
  	u8 sum=0x00;
..\HARDWARE\RS422\rs422.c: 3 warnings, 0 errors
linking...
Program Size: Code=142426 RO-data=39818 RW-data=3312 ZI-data=24471224  
FromELF: creating hex file...
"..\OBJ\Tempate.axf" - 0 Error(s), 3 Warning(s).

<h2>Collection of Component include folders:</h2>
  C:\Users\mengqiDan\Desktop\2.11≤‚ ‘ - 800x600\USER\RTE
  D:\mdk5\ARM\PACK\Keil\STM32F4xx_DFP\2.9.0\Drivers\CMSIS\Device\ST\STM32F4xx\Include

<h2>Collection of Component Files used:</h2>
Build Time Elapsed:  00:00:05
</pre>
</body>
</html>
